// Jest Snapshot v1, https://goo.gl/fbAQLP

exports[`renders correctly to Home page 1`] = `
<div>
  Lorem ipsum dolor sit amet consectetur adipisicing elit. Ipsum laboriosam unde reprehenderit labore iusto asperiores sapiente dolores cumque totam enim eius, non amet expedita, sed eveniet commodi beatae quaerat vitae!
  <p>
    Lorem ipsum dolor sit amet, consectetur adipisicing elit. Dolorum aperiam dolores, enim in quasi quisquam? Cumque consequatur aliquam fugit quam beatae dolore ipsum eos, libero iste dolor excepturi iure ullam.
  </p>
</div>
`;
